// Jest Snapshot v1, https://goo.gl/fbAQLP

exports[`StaticLogs should print logs 1`] = `
"[90mjill: [39m[90mTest debug log[39m
[90mjill: [39m[34mTest verbose log[39m
[90mjill: [39m[37mTest info log[39m
[90mjill: [39m[33mTest warn log[39m
[90mjill: [39m[31mTest error log[39m
"
`;

exports[`StaticLogs should print logs with labels 1`] = `
"[90mjill: [test] [39m[90mTest debug log[39m
[90mjill: [test] [39m[34mTest verbose log[39m
[90mjill: [test] [39m[37mTest info log[39m
[90mjill: [test] [39m[33mTest warn log[39m
[90mjill: [test] [39m[31mTest error log[39m
"
`;
