// Jest Snapshot v1, https://goo.gl/fbAQLP

exports[`jill info should print workspace basic info 1`] = `
"Workspace [1mwks[22m:
[1mVersion:[22m   1.0.0
[1mDirectory:[22m wks

[1mDependencies:[22m
[90m   No dependencies for wks[39m
"
`;

exports[`jill info should print workspace basic info with dependencies 1`] = `
"Workspace [1mwks[22m:
[1mVersion:[22m   1.0.0
[1mDirectory:[22m wks

[1mDependencies:[22m
â”œâ”€ depA[90m@1.0.0[39m
â”‚  â”œâ”€ [3mdepA[90m@1.0.0[39m[23m
â”‚  â””â”€ [3mdepB[90m@1.0.0[39m[23m
â””â”€ [3mdepB[90m@1.0.0[39m[23m
"
`;

exports[`jill info should print workspace basic info with dev-dependencies 1`] = `
"Workspace [1mwks[22m:
[1mVersion:[22m   1.0.0
[1mDirectory:[22m wks

[1mDependencies:[22m
â”œâ”€ [34mdepA[90m@1.0.0[39m[34m (dev)[39m
â”‚  [34mâ”œâ”€ [39m[3m[34mdepA[90m@1.0.0[39m[34m (dev)[39m[23m
â”‚  [34mâ””â”€ [39m[3m[34mdepB[90m@1.0.0[39m[34m (dev)[39m[23m
â””â”€ [3m[34mdepB[90m@1.0.0[39m[34m (dev)[39m[23m
"
`;
