// Jest Snapshot v1, https://goo.gl/fbAQLP

exports[`jill list should print json array of all workspaces (--json) 1`] = `
"[{\\"name\\":\\"wks-1\\",\\"version\\":\\"1.0.0\\",\\"root\\":\\"/full/path/to/wks-1\\"},{\\"name\\":\\"wks-2\\",\\"version\\":\\"1.0.0\\",\\"root\\":\\"/full/path/to/wks-2\\"},{\\"name\\":\\"wks-3\\",\\"version\\":\\"1.0.0\\",\\"root\\":\\"/full/path/to/wks-3\\"}]
"
`;

exports[`jill list should print list with headers (--headers) 1`] = `
"[1mName [22m
wks-1
wks-2
wks-3
"
`;

exports[`jill list should print long list of all workspaces (--long) 1`] = `
"[1mName [22m  [1mVersion[22m  [1mRoot [22m
wks-1  1.0.0    wks-1
wks-2  1.0.0    wks-2
wks-3  1.0.0    wks-3
"
`;
